*****************************************************************
      SolidWorks Corporation - Relatório de status do Processador de IGES
*****************************************************************
=================================================================
Informações gerais
=================================================================
Enviando ID de produto do sistema : Mecanum Wheel A.SLDASM
Recebendo ID de produto do sistema : Mecanum Wheel A.SLDASM
Nome do arquivo                    : C:\Documents and Settings\Kurtis\Desktop\Mecanum Wheel A.IGS
Enviando sistema               : SolidWorks 2005 by SolidWorks Corporation
Versão do pré-processador         : SolidWorks 2005 by SolidWorks Corporation
Data de criação do arquivo           : 100208.105411
Data de criação do modelo           : 100208.105411
Unidades                        : IN
Escala de espaço do modelo            : 1
Autor                       : Kurtis
Organização                 : 


=================================================================
Informações de processamento da entidade
=================================================================


=================================================================
Análise de precisão do arquivo IGES:
=================================================================
  Número mais prevalente de dígitos significativos:               9
  Número mais alto de dígitos significativos:                     11
  Número médio de dígitos significativos:                7.41622
  Distância máxima da origem:                          54.2057
  Distância mínima da origem:                        0.0130688
  Número eficaz de dígitos significativos:              10.9998


=================================================================
Resumo de entidade
=================================================================
-----------------------------------------------------------------
Nome do tipo                                         Contagem convertida
---- ----                                         ----- ---------
100  Arc                                            144       144
110  Line                                           662       662
116  Point                                          172       172
120  Surface of revolution                           69        69
123  Direction                                      344       344
124  Transformation matrix                          176       176
126  Rational B-spline curve                        306       306
128  Rational B-spline surface                      127       127
186  Manifold Solid B-rep Object                      5         5
190  Plane surface entity                           172       172
308  Subfigure definition                             5         5
314  Color definition                                 3         3
408  Singular subfigure instance                     32        32
502  Vertex list                                      5         5
504  Edge entity                                      5         5
508  Loop entity                                    434       434
510  Face entity                                    368       368
514  Shell entity                                     5         5
_________________________________________________________________


=================================================================
Resumo de resultados
=================================================================
Tipo de recurso do SolidWorks                Contagem
-----------------------                -----
Recursos sólidos                       5
Recursos de superfície                     0
Recursos de curva/esboço                0
--------------------------------------------
Hora inicial: quarta-feira, fevereiro 20, 2013 18:36:52
Hora de término: quarta-feira, fevereiro 20, 2013 18:36:56
Tempo de processamento: 0 days, 00 hours, 00 mins, 04 secs
